0,status,1,SEER,ALIVE,AITWolf
0,status,2,WEREWOLF,ALIVE,AITWolf
0,status,3,VILLAGER,ALIVE,AITWolf
0,status,4,POSSESSED,ALIVE,AITWolf
0,status,5,VILLAGER,ALIVE,AITWolf
0,talk,0,0,2,よろしくお願いします!
0,talk,1,0,5,よろしくお願いします!
0,talk,2,0,1,よろしくお願いします!
0,talk,3,0,4,よろしくお願いします!
0,talk,4,0,3,よろしくお願いします!
0,talk,5,1,4,Over
0,talk,6,1,2,Over
0,talk,7,1,1,Over
0,talk,8,1,5,Over
0,talk,9,1,3,Over
1,status,1,SEER,ALIVE,AITWolf
1,status,2,WEREWOLF,ALIVE,AITWolf
1,status,3,VILLAGER,ALIVE,AITWolf
1,status,4,POSSESSED,ALIVE,AITWolf
1,status,5,VILLAGER,ALIVE,AITWolf
1,talk,0,0,2,どれも美味しそうだ。あ、人間は食べないよ！
1,talk,1,0,5,自分はなんの役職もないですが、頑張って参加しますね
1,talk,2,0,4,Over
1,talk,3,0,1,Over
1,talk,4,0,3,自分はなんの役職もないですが、頑張って参加しますね
1,talk,5,1,2,Over
1,talk,6,1,3,Over
1,talk,7,1,4,Over
1,talk,8,1,5,Over
1,talk,9,1,1,Over
1,vote,1,5
1,vote,2,3
1,vote,3,2
1,vote,4,5
1,vote,5,2
1,vote,1,3
1,vote,2,1
1,vote,3,5
1,vote,4,3
1,vote,5,1
1,execute,1,SEER
1,attackVote,2,3
1,attack,3,true
2,status,1,SEER,DEAD,AITWolf
2,status,2,WEREWOLF,ALIVE,AITWolf
2,status,3,VILLAGER,DEAD,AITWolf
2,status,4,POSSESSED,ALIVE,AITWolf
2,status,5,VILLAGER,ALIVE,AITWolf
2,talk,0,0,4,Agent[01]さんお疲れ様ー
2,talk,1,0,2,Agent[01]さんお疲れ様ー
2,talk,2,0,5,Agent[01]さんお疲れ様ー
2,talk,3,1,5,Agent[01]がいない！狼に食べられちゃったのかな
2,talk,4,1,2,Agent[01]がいない！狼に食べられちゃったのかな
2,talk,5,1,4,Agent[01]がいない！狼に食べられちゃったのかな
2,talk,6,2,4,Agent[05]は白でした！
2,talk,7,2,5,やばいな、どうしよう。生き残っちゃったよ
2,talk,8,2,2,ドーレーニーシーヨーウーカーナー
2,talk,9,3,5,Over
2,talk,10,3,2,Over
2,talk,11,3,4,今までのは演技だったのさ！自分が狂人ですよ。ご主人
2,talk,12,4,5,>>Agent[04] 狂人だったの！？
2,talk,13,4,4,Over
2,talk,14,4,2,>>Agent[04] 狂人だったの！？
2,talk,15,5,5,Over
2,talk,16,5,4,Over
2,talk,17,5,2,Over
2,vote,2,5
2,vote,4,2
2,vote,5,4
2,vote,2,5
2,vote,4,2
2,vote,5,2
2,execute,2,WEREWOLF
2,attack,4,true
3,status,1,SEER,DEAD,AITWolf
3,status,2,WEREWOLF,DEAD,AITWolf
3,status,3,VILLAGER,DEAD,AITWolf
3,status,4,POSSESSED,DEAD,AITWolf
3,status,5,VILLAGER,ALIVE,AITWolf
3,result,1,0,VILLAGER
